// Jest Snapshot v1, https://goo.gl/fbAQLP

exports[`App component App component snapshot 1`] = `
<div
  className="w-full h-screen"
>
  <div
    className="drawer drawer-mobile rounded-lg shadow bg-base-200 h-full"
  >
    <input
      className="drawer-toggle"
      id="the-drawer"
      type="checkbox"
    />
    <div
      className="flex flex-col items-center justify-center drawer-content"
    >
      <div />
    </div>
    <div
      className="drawer-side"
    >
      <label
        className="drawer-overlay"
        htmlFor="the-drawer"
      />
      <ul
        className="menu p-4 overflow-y-auto w-80 bg-base-100 text-base-content"
      >
        <li>
          <div>
            <h1>
              Bird Sightings
            </h1>
          </div>
        </li>
        <li>
          <div
            className="divider"
          >
            Search
          </div>
        </li>
        <li>
          <div>
            <button
              className="btn btn-wide btn-sm"
              onClick={[Function]}
            >
              Search
            </button>
          </div>
        </li>
      </ul>
    </div>
  </div>
</div>
`;
